// Vitest Snapshot v1, https://vitest.dev/guide/snapshot.html

exports[`flat config composition > custom src dirs 1`] = `
[
  {
    "ignores": [
      "node_modules",
      "**/node_modules/**",
      "*.iml",
      "**/*.iml/**",
      ".idea",
      "**/.idea/**",
      "*.log",
      "**/*.log/**",
      ".nuxt",
      "**/.nuxt/**",
      ".output",
      "**/.output/**",
      "**/.yarn/cache",
      "**/.yarn/*state*",
      "dist",
      "**/dist/**",
      ".eslintcache",
      "**/.eslintcache/**",
    ],
  },
  {
    "ignores": [
      "**/dist",
      "**/node_modules",
      "**/.nuxt",
      "**/.output",
      "**/.vercel",
      "**/.netlify",
    ],
  },
  {
    "name": "nuxt/javascript",
  },
  {
    "name": "nuxt/typescript/setup",
  },
  {
    "files": [
      "**/*.ts",
      "**/*.tsx",
      "**/*.mts",
      "**/*.cts",
      "**/*.vue",
    ],
    "name": "nuxt/typescript/rules",
  },
  {
    "files": [
      "**/*.ts",
      "**/*.tsx",
      "**/*.mts",
      "**/*.cts",
      "**/*.vue",
    ],
    "name": "nuxt/typescript/disables",
  },
  {
    "name": "nuxt/vue/setup",
  },
  {
    "files": [
      "**/*.vue",
    ],
    "name": "nuxt/vue/rules",
  },
  {
    "files": [
      "src1/layouts/**/*.{js,ts,jsx,tsx,vue}",
      "src2/layouts/**/*.{js,ts,jsx,tsx,vue}",
      "src1/pages/**/*.{js,ts,jsx,tsx,vue}",
      "src2/pages/**/*.{js,ts,jsx,tsx,vue}",
    ],
    "name": "nuxt/vue/single-root",
  },
  {
    "name": "nuxt/rules",
  },
  {
    "files": [
      "src1/app.{js,ts,jsx,tsx,vue}",
      "src1/error.{js,ts,jsx,tsx,vue}",
      "src2/app.{js,ts,jsx,tsx,vue}",
      "src2/error.{js,ts,jsx,tsx,vue}",
      "src1/layouts/**/*.{js,ts,jsx,tsx,vue}",
      "src2/layouts/**/*.{js,ts,jsx,tsx,vue}",
      "src1/pages/**/*.{js,ts,jsx,tsx,vue}",
      "src2/pages/**/*.{js,ts,jsx,tsx,vue}",
      "src1/components/*/**/*.{js,ts,jsx,tsx,vue}",
      "src2/components/*/**/*.{js,ts,jsx,tsx,vue}",
    ],
    "name": "nuxt/disables/routes",
  },
]
`;

exports[`flat config composition > empty 1`] = `
[
  {
    "ignores": [
      "node_modules",
      "**/node_modules/**",
      "*.iml",
      "**/*.iml/**",
      ".idea",
      "**/.idea/**",
      "*.log",
      "**/*.log/**",
      ".nuxt",
      "**/.nuxt/**",
      ".output",
      "**/.output/**",
      "**/.yarn/cache",
      "**/.yarn/*state*",
      "dist",
      "**/dist/**",
      ".eslintcache",
      "**/.eslintcache/**",
    ],
  },
  {
    "ignores": [
      "**/dist",
      "**/node_modules",
      "**/.nuxt",
      "**/.output",
      "**/.vercel",
      "**/.netlify",
    ],
  },
  {
    "name": "nuxt/javascript",
  },
  {
    "name": "nuxt/typescript/setup",
  },
  {
    "files": [
      "**/*.ts",
      "**/*.tsx",
      "**/*.mts",
      "**/*.cts",
      "**/*.vue",
    ],
    "name": "nuxt/typescript/rules",
  },
  {
    "files": [
      "**/*.ts",
      "**/*.tsx",
      "**/*.mts",
      "**/*.cts",
      "**/*.vue",
    ],
    "name": "nuxt/typescript/disables",
  },
  {
    "name": "nuxt/vue/setup",
  },
  {
    "files": [
      "**/*.vue",
    ],
    "name": "nuxt/vue/rules",
  },
  {
    "files": [
      "layouts/**/*.{js,ts,jsx,tsx,vue}",
      "pages/**/*.{js,ts,jsx,tsx,vue}",
    ],
    "name": "nuxt/vue/single-root",
  },
  {
    "name": "nuxt/rules",
  },
  {
    "files": [
      "app.{js,ts,jsx,tsx,vue}",
      "error.{js,ts,jsx,tsx,vue}",
      "layouts/**/*.{js,ts,jsx,tsx,vue}",
      "pages/**/*.{js,ts,jsx,tsx,vue}",
      "components/*/**/*.{js,ts,jsx,tsx,vue}",
    ],
    "name": "nuxt/disables/routes",
  },
]
`;

exports[`flat config composition > non-standalone 1`] = `
[
  {
    "files": [
      "layouts/**/*.{js,ts,jsx,tsx,vue}",
      "pages/**/*.{js,ts,jsx,tsx,vue}",
    ],
    "name": "nuxt/vue/single-root",
  },
  {
    "name": "nuxt/rules",
  },
  {
    "files": [
      "app.{js,ts,jsx,tsx,vue}",
      "error.{js,ts,jsx,tsx,vue}",
      "layouts/**/*.{js,ts,jsx,tsx,vue}",
      "pages/**/*.{js,ts,jsx,tsx,vue}",
      "components/*/**/*.{js,ts,jsx,tsx,vue}",
    ],
    "name": "nuxt/disables/routes",
  },
]
`;
